
PROGRAM "C:\Documents and Settings\Dimpi\My Documents\0806_sw\tea_coffee\tea_coffee\bin\Project.abs"

*********************************************************************************************
TARGET SECTION
---------------------------------------------------------------------------------------------
Processor   : Freescale HC08
Memory Model: SMALL
File Format : ELF\DWARF 2.0
Linker      : SmartLinker V-5.0.28 Build 5318, Nov 15 2005

*********************************************************************************************
FILE SECTION
---------------------------------------------------------------------------------------------
RTSHC08.C.o (ansii.lib)                 Model: SMALL,         Lang: ANSI-C
MC68HC908JL16.C.o                       Model: SMALL,         Lang: ANSI-C
Start08.c.o                             Model: SMALL,         Lang: ANSI-C
timer.c.o                               Model: SMALL,         Lang: ANSI-C
UTILS.C.o                               Model: SMALL,         Lang: ANSI-C
disp.c.o                                Model: SMALL,         Lang: ANSI-C
IIC.C.o                                 Model: SMALL,         Lang: ANSI-C
Initlcd.c.o                             Model: SMALL,         Lang: ANSI-C
main.c.o                                Model: SMALL,         Lang: ANSI-C
Sense_kbd.c.o                           Model: SMALL,         Lang: ANSI-C

*********************************************************************************************
STARTUP SECTION
---------------------------------------------------------------------------------------------
Entry point: 0xBC00 (_Startup)
_startupData is allocated at 0xBC07 and uses 6 Bytes
extern struct _tagStartup {
  unsigned nofZeroOut     1
  _Range   pZeroOut       0x60     63
  _Copy    *toCopyDownBeg 0xC98A
} _startupData;

*********************************************************************************************
SECTION-ALLOCATION SECTION
Section Name                    Size  Type     From       To       Segment
---------------------------------------------------------------------------------------------
.text                           2821     R     0xBC15     0xC719   ROM
.rodata1                         117     R     0xC71A     0xC78E   ROM
MY_ZEROPAGE                       63   R/W       0x60       0x9E   Z_RAM
.abs_section_0                     1   N/I        0x0        0x0   .absSeg57
.abs_section_1                     1   N/I        0x1        0x1   .absSeg58
.abs_section_3                     1   N/I        0x3        0x3   .absSeg59
.abs_section_4                     1   N/I        0x4        0x4   .absSeg3
.abs_section_5                     1   N/I        0x5        0x5   .absSeg4
.abs_section_7                     1   N/I        0x7        0x7   .absSeg5
.abs_section_8                     1   N/I        0x8        0x8   .absSeg6
.abs_section_a                     1   N/I        0xA        0xA   .absSeg7
.abs_section_c                     1   N/I        0xC        0xC   .absSeg8
.abs_section_d                     1   N/I        0xD        0xD   .absSeg9
.abs_section_e                     1   N/I        0xE        0xE   .absSeg10
.abs_section_13                    1   N/I       0x13       0x13   .absSeg11
.abs_section_14                    1   N/I       0x14       0x14   .absSeg12
.abs_section_15                    1   N/I       0x15       0x15   .absSeg13
.abs_section_16                    1   N/I       0x16       0x16   .absSeg14
.abs_section_17                    1   N/I       0x17       0x17   .absSeg15
.abs_section_18                    1   N/I       0x18       0x18   .absSeg16
.abs_section_19                    1   N/I       0x19       0x19   .absSeg17
.abs_section_1a                    1   N/I       0x1A       0x1A   .absSeg18
.abs_section_1b                    1   N/I       0x1B       0x1B   .absSeg19
.abs_section_1d                    1   N/I       0x1D       0x1D   .absSeg20
.abs_section_1e                    1   N/I       0x1E       0x1E   .absSeg21
.abs_section_1f                    1   N/I       0x1F       0x1F   .absSeg22
.abs_section_20                    1   N/I       0x20       0x20   .absSeg56
.abs_section_25                    1   N/I       0x25       0x25   .absSeg24
.abs_section_28                    1   N/I       0x28       0x28   .absSeg25
.abs_section_30                    1   N/I       0x30       0x30   .absSeg26
.abs_section_35                    1   N/I       0x35       0x35   .absSeg27
.abs_section_38                    1   N/I       0x38       0x38   .absSeg28
.abs_section_3c                    1   N/I       0x3C       0x3C   .absSeg29
.abs_section_3f                    1   N/I       0x3F       0x3F   .absSeg30
.abs_section_40                    1   N/I       0x40       0x40   .absSeg31
.abs_section_41                    1   N/I       0x41       0x41   .absSeg32
.abs_section_42                    1   N/I       0x42       0x42   .absSeg33
.abs_section_43                    1   N/I       0x43       0x43   .absSeg34
.abs_section_44                    1   N/I       0x44       0x44   .absSeg35
.abs_section_45                    1   N/I       0x45       0x45   .absSeg36
.abs_section_fe00                  1   N/I     0xFE00     0xFE00   .absSeg37
.abs_section_fe01                  1   N/I     0xFE01     0xFE01   .absSeg38
.abs_section_fe03                  1   N/I     0xFE03     0xFE03   .absSeg39
.abs_section_fe04                  1   N/I     0xFE04     0xFE04   .absSeg40
.abs_section_fe05                  1   N/I     0xFE05     0xFE05   .absSeg41
.abs_section_fe06                  1   N/I     0xFE06     0xFE06   .absSeg42
.abs_section_fe08                  1   N/I     0xFE08     0xFE08   .absSeg43
.abs_section_fe0e                  1   N/I     0xFE0E     0xFE0E   .absSeg44
.abs_section_ffff                  1   N/I     0xFFFF     0xFFFF   .absSeg45
.abs_section_21                    2   N/I       0x21       0x22   .absSeg46
.abs_section_23                    2   N/I       0x23       0x24   .absSeg47
.abs_section_26                    2   N/I       0x26       0x27   .absSeg48
.abs_section_29                    2   N/I       0x29       0x2A   .absSeg49
.abs_section_31                    2   N/I       0x31       0x32   .absSeg50
.abs_section_33                    2   N/I       0x33       0x34   .absSeg51
.abs_section_36                    2   N/I       0x36       0x37   .absSeg52
.abs_section_39                    2   N/I       0x39       0x3A   .absSeg53
.abs_section_3d                    2   N/I       0x3D       0x3E   .absSeg54
.abs_section_fe0c                  2   N/I     0xFE0C     0xFE0D   .absSeg55
.startData                        14     R     0xBC07     0xBC14   ROM
.init                              7     R     0xBC00     0xBC06   ROM
ROM                              507     R     0xC78F     0xC989   ROM
.stack                            80   R/W      0x100      0x14F   RAM
.copy                              2     R     0xC98A     0xC98B   ROM
.vectSeg60_vect                   34     R     0xFFDE     0xFFFF   .vectSeg60

Summary of section sizes per section type:
READ_ONLY (R):         DAE (dec:     3502)
READ_WRITE (R/W):       8F (dec:      143)
NO_INIT (N/I):          42 (dec:       66)

*********************************************************************************************
VECTOR-ALLOCATION SECTION
    Address     InitValue   InitFunction
---------------------------------------------------------------------------------------------
     0xFFDE        0xBCF7   _Dummy
     0xFFE0        0xBCF7   _Dummy
     0xFFE2        0xBCF7   _Dummy
     0xFFE4        0xBCF7   _Dummy
     0xFFE6        0xBCF7   _Dummy
     0xFFE8        0xBCF7   _Dummy
     0xFFEA        0xBCF7   _Dummy
     0xFFEC        0xBCF7   _Dummy
     0xFFEE        0xBCF7   _Dummy
     0xFFF0        0xBCF7   _Dummy
     0xFFF2        0xBCE6   _Timint
     0xFFF4        0xBCF7   _Dummy
     0xFFF6        0xBCF7   _Dummy
     0xFFF8        0xBCF7   _Dummy
     0xFFFA        0xBCF7   _Dummy
     0xFFFC        0xBCF7   _Dummy
     0xFFFE        0xBC00   _Startup

*********************************************************************************************
OBJECT-ALLOCATION SECTION
     Name               Module                 Addr   hSize   dSize     Ref    Section   RLIB
---------------------------------------------------------------------------------------------
MODULE:                 -- RTSHC08.C.o (ansii.lib) --
- PROCEDURES:
     _IDIVMOD                                  BC15      69     105       1   .text       
     _SPLITSIGN                                BC7E      1C      28       1   .text       
     _IDIVS                                    BC9A      1E      30       1   .text       
     _Jump_Table_Header_Offset                 BCB8      24      36       6   .text       
- VARIABLES:
MODULE:                 -- MC68HC908JL16.C.o --
- PROCEDURES:
- VARIABLES:
     _PTA                                         0       1       1       0   .abs_section_0
     _PTB                                         1       1       1       0   .abs_section_1
     _PTD                                         3       1       1       0   .abs_section_3
     _DDRA                                        4       1       1       0   .abs_section_4
     _DDRB                                        5       1       1       0   .abs_section_5
     _DDRD                                        7       1       1       0   .abs_section_7
     _PTE                                         8       1       1       0   .abs_section_8
     _PDCR                                        A       1       1       0   .abs_section_a
     _DDRE                                        C       1       1       0   .abs_section_c
     _PTAPUE                                      D       1       1       0   .abs_section_d
     _PTA7PUE                                     E       1       1       0   .abs_section_e
     _SCC1                                       13       1       1       0   .abs_section_13
     _SCC2                                       14       1       1       0   .abs_section_14
     _SCC3                                       15       1       1       0   .abs_section_15
     _SCS1                                       16       1       1       0   .abs_section_16
     _SCS2                                       17       1       1       0   .abs_section_17
     _SCDR                                       18       1       1       0   .abs_section_18
     _SCBR                                       19       1       1       0   .abs_section_19
     _KBSCR                                      1A       1       1       0   .abs_section_1a
     _KBIER                                      1B       1       1       0   .abs_section_1b
     _INTSCR                                     1D       1       1       0   .abs_section_1d
     _CONFIG2                                    1E       1       1       0   .abs_section_1e
     _CONFIG1                                    1F       1       1       0   .abs_section_1f
     _T1SC                                       20       1       1       0   .abs_section_20
     _T1SC0                                      25       1       1       0   .abs_section_25
     _T1SC1                                      28       1       1       0   .abs_section_28
     _T2SC                                       30       1       1       0   .abs_section_30
     _T2SC0                                      35       1       1       0   .abs_section_35
     _T2SC1                                      38       1       1       0   .abs_section_38
     _ADCSC                                      3C       1       1       0   .abs_section_3c
     _ADCLK                                      3F       1       1       0   .abs_section_3f
     _MIMCR                                      40       1       1       0   .abs_section_40
     _MMADR                                      41       1       1       0   .abs_section_41
     _MMCR                                       42       1       1       0   .abs_section_42
     _MMSR                                       43       1       1       0   .abs_section_43
     _MMDTR                                      44       1       1       0   .abs_section_44
     _MMDRR                                      45       1       1       0   .abs_section_45
     _BSR                                      FE00       1       1       0   .abs_section_fe00
     _RSR                                      FE01       1       1       0   .abs_section_fe01
     _BFCR                                     FE03       1       1       0   .abs_section_fe03
     _INT1                                     FE04       1       1       0   .abs_section_fe04
     _INT2                                     FE05       1       1       0   .abs_section_fe05
     _INT3                                     FE06       1       1       0   .abs_section_fe06
     _FLCR                                     FE08       1       1       0   .abs_section_fe08
     _BRKSCR                                   FE0E       1       1       0   .abs_section_fe0e
     _COPCTL                                   FFFF       1       1       0   .abs_section_ffff
     _T1CNT                                      21       2       2       0   .abs_section_21
     _T1MOD                                      23       2       2       0   .abs_section_23
     _T1CH0                                      26       2       2       0   .abs_section_26
     _T1CH1                                      29       2       2       0   .abs_section_29
     _T2CNT                                      31       2       2       0   .abs_section_31
     _T2MOD                                      33       2       2       0   .abs_section_33
     _T2CH0                                      36       2       2       0   .abs_section_36
     _T2CH1                                      39       2       2       0   .abs_section_39
     _ADR                                        3D       2       2       0   .abs_section_3d
     _BRK                                      FE0C       2       2       0   .abs_section_fe0c
MODULE:                 -- Start08.c.o --
- PROCEDURES:
     _Startup                                  BC00       7       7       0   .init       
- VARIABLES:
     _startupData                              BC07       6       6       0   .startData  
- LABELS:
     __SEG_END_SSTACK                           150       0       0       1               
MODULE:                 -- timer.c.o --
- PROCEDURES:
     Init_timer                                BCDC       A      10       1   .text       
     _Timint                                   BCE6      11      17       0   .text       
     _Dummy                                    BCF7       1       1       0   .text       
     Setime                                    BCF8      2E      46       1   .text       
- VARIABLES:
     sTsc                                        20       1       1       1   .abs_section_20
MODULE:                 -- UTILS.C.o --
- PROCEDURES:
     Chk_dec_timeout                           BD26      10      16       2   .text       
- VARIABLES:
MODULE:                 -- disp.c.o --
- PROCEDURES:
     Disp_parameter                            BD36      1F      31       2   .text       
     Disp_option                               BD55      1B      27       2   .text       
     Bin2ascii                                 BD70      24      36       1   .text       
     Disp_para_val                             BD94      5E      94       5   .text       
     Disp_cup_status                           BDF2       E      14       3   .text       
- VARIABLES:
     STRING.H.F.CUP.1                          C71A       8       8       2   .rodata1    
     STRING.OPT3....2                          C722       8       8       2   .rodata1    
     STRING.ON......3                          C72A       8       8       2   .rodata1    
     STRING.OFF.....4                          C732       8       8       2   .rodata1    
     STRING.READY............5                 C73A      11      17       2   .rodata1    
     Msg_para                                  C78F     100     256       2   ROM         
     Option_cntr                               C88F      40      64       2   ROM         
MODULE:                 -- IIC.C.o --
- PROCEDURES:
     Pulse_scl                                 BE00      1C      28       3   .text       
     Delay_small                               BE1C       F      15       8   .text       
     Gen_start                                 BE2B      11      17       4   .text       
     Gen_stop                                  BE3C       D      13       5   .text       
     Tx_eight_bits                             BE49      1B      27       1   .text       
     Byte_iic                                  BE64       B      11       5   .text       
     Write_iic_byte                            BE6F      34      52       3   .text       
     Read_iic_byte                             BEA3      4C      76       3   .text       
     Chk_eeprom                                BEEF      12      18       1   .text       
- VARIABLES:
     Restart_cntr.1                              60       1       1       4   MY_ZEROPAGE 
     Restart_cntr.2                              61       1       1       4   MY_ZEROPAGE 
MODULE:                 -- Initlcd.c.o --
- PROCEDURES:
     Pulse_E                                   BF01       B      11       3   .text       
     Write_lcd_comm                            BF0C      1D      29       6   .text       
     Write_lcd_data                            BF29      1D      29       8   .text       
     Initlcd                                   BF46      3B      59       2   .text       
     Write_line                                BF81      3E      62      21   .text       
     Write_string                              BFBF      2D      45       1   .text       
     Delay_ticks                               BFEC      1B      27       2   .text       
- VARIABLES:
     lcd_table                                 C8CF       5       5       1   ROM         
     lcd_initable                              C8D4       4       4       1   ROM         
MODULE:                 -- main.c.o --
- PROCEDURES:
     main                                      C007     14D     333       4   .text       
     Act_key1                                  C154      3F      63       1   .text       
     Act_key2                                  C193      91     145       1   .text       
     Act_key3                                  C224      7F     127       1   .text       
     Act_key4                                  C2A3      78     120       1   .text       
     Chk4poweron_key                           C31B      40      64       1   .text       
     Initports                                 C35B      11      17       1   .text       
     Switch_on_relay                           C36C      7F     127       3   .text       
     Switch_off_relay                          C3EB      61      97       6   .text       
     Read_all_para                             C44C      15      21       1   .text       
     Set_time_out                              C461      8D     141       5   .text       
     Check_n_set_refil_relay                   C4EE      1F      31       1   .text       
     Display_counter_val                       C50D      2C      44       2   .text       
     Read_counter_val                          C539      2E      46       3   .text       
     Update_counter_val                        C567      41      65       4   .text       
     Write_counter_val                         C5A8      1B      27       1   .text       
     Set_flush_timeout                         C5C3       8       8       1   .text       
     Set_half_opt                              C5CB       B      11       2   .text       
     Set_brew_mode                             C5D6       B      11       2   .text       
     Previous_state                            C5E1      B3     179       1   .text       
- VARIABLES:
     STRING.HALF.CUP.........1                 C74B      11      17       2   .rodata1    
     STRING.FULL.CUP.........2                 C75C      11      17       2   .rodata1    
     STRING.HALF.CUP.........3                 C76D      11      17       2   .rodata1    
     STRING.FULL.CUP.........4                 C77E      11      17       2   .rodata1    
     sStatus                                     62       2       2      85   MY_ZEROPAGE 
     Secs                                        64       1       1       4   MY_ZEROPAGE 
     Pre_brew_time                               65       1       1       3   MY_ZEROPAGE 
     Kbd_pos                                     66       1       1      11   MY_ZEROPAGE 
     Repeat_key_cntr                             67       1       1       3   MY_ZEROPAGE 
     Parameter                                   68       1       1      20   MY_ZEROPAGE 
     Dbnc_key_code                               69       1       1       3   MY_ZEROPAGE 
     Parameter_val                               6A      10      16      63   MY_ZEROPAGE 
     Ascii_unit                                  7A       1       1       2   MY_ZEROPAGE 
     Ascii_ten                                   7B       1       1       2   MY_ZEROPAGE 
     Ascii_hun                                   7C       1       1       2   MY_ZEROPAGE 
     Premix_timeout                              7D       1       1       7   MY_ZEROPAGE 
     Water_timeout                               7E       1       1       8   MY_ZEROPAGE 
     Water1_timeout                              7F       1       1       7   MY_ZEROPAGE 
     Water2_timeout                              80       1       1       7   MY_ZEROPAGE 
     Water3_timeout                              81       1       1       7   MY_ZEROPAGE 
     Rly_on_dly_tout                             82       1       1       3   MY_ZEROPAGE 
     Refil_timeout                               83       1       1       6   MY_ZEROPAGE 
     Flush_timeout                               84       1       1       3   MY_ZEROPAGE 
     Delay_time                                  85       1       1       8   MY_ZEROPAGE 
     Brew_time                                   86       1       1       2   MY_ZEROPAGE 
     Counter_val                                 87       4       4      13   MY_ZEROPAGE 
     Counter                                     8B       1       1      22   MY_ZEROPAGE 
     Temp                                        8C       1       1       1   MY_ZEROPAGE 
     Tmp_cntr_iic                                8D       1       1       6   MY_ZEROPAGE 
     Iic_counter                                 8E       1       1       4   MY_ZEROPAGE 
     Iic_buff                                    8F       4       4      13   MY_ZEROPAGE 
     Lcd_cntr                                    93       1       1       6   MY_ZEROPAGE 
     Lcd_pointer                                 94       1       1       7   MY_ZEROPAGE 
     Key_scan_cntr                               95       1       1       5   MY_ZEROPAGE 
     Key_code                                    96       1       1       3   MY_ZEROPAGE 
     Dbnc_cntr                                   97       1       1       2   MY_ZEROPAGE 
     i                                           98       1       1       7   MY_ZEROPAGE 
     Ticks                                       99       1       1       4   MY_ZEROPAGE 
     Small_ticks                                 9A       1       1       3   MY_ZEROPAGE 
     Test_pattern                                9B       2       2       2   MY_ZEROPAGE 
     Temp_water_timeout                          9D       1       1       3   MY_ZEROPAGE 
     Temp_premix_timeout                         9E       1       1       3   MY_ZEROPAGE 
     Memory_msg                                C8D8      11      17       4   ROM         
     Setting_msg                               C8E9      11      17       2   ROM         
     Counter_msg                               C8FA      11      17       4   ROM         
     Serving_opt1_msg                          C90B      11      17       4   ROM         
     Serving_opt2_msg                          C91C      11      17       4   ROM         
     Serving_opt3_msg                          C92D      11      17       4   ROM         
     Serving_opt4_msg                          C93E      11      17       4   ROM         
     Flush_msg                                 C94F      11      17       4   ROM         
     Flushing_msg                              C960      11      17       4   ROM         
     Mfr_message                               C971      11      17       2   ROM         
     sPTA                                         0       1       1      20   .abs_section_0
     sPTB                                         1       1       1      31   .abs_section_1
     sPTD                                         3       1       1       7   .abs_section_3
MODULE:                 -- Sense_kbd.c.o --
- PROCEDURES:
     Sense_kbd                                 C694      86     134       2   .text       
- VARIABLES:
     Scan_table                                C982       4       4       2   ROM         
     Kbd_table                                 C986       4       4       1   ROM         

*********************************************************************************************
MODULE STATISTIC
  Name                                      Data   Code  Const
---------------------------------------------------------------------------------------------
  RTSHC08.C.o (ansii.lib)                      0    199      0
  MC68HC908JL16.C.o                           66      0      0
  Start08.c.o                                  0      7      0
  timer.c.o                                    1     74      0
  UTILS.C.o                                    0     16      0
  disp.c.o                                     0    202    369
  IIC.C.o                                      2    257      0
  Initlcd.c.o                                  0    262      9
  main.c.o                                    64   1677    238
  Sense_kbd.c.o                                0    134      8
  other                                       80     48      2

*********************************************************************************************
SECTION USE IN OBJECT-ALLOCATION SECTION
---------------------------------------------------------------------------------------------
SECTION: ".text"
  _IDIVMOD _SPLITSIGN _IDIVS _Jump_Table_Header_Offset Init_timer _Timint 
  _Dummy Setime Chk_dec_timeout Disp_parameter Disp_option Bin2ascii 
  Disp_para_val Disp_cup_status Pulse_scl Delay_small Gen_start Gen_stop 
  Tx_eight_bits Byte_iic Write_iic_byte Read_iic_byte Chk_eeprom Pulse_E 
  Write_lcd_comm Write_lcd_data Initlcd Write_line Write_string Delay_ticks 
  main Act_key1 Act_key2 Act_key3 Act_key4 Chk4poweron_key Initports 
  Switch_on_relay Switch_off_relay Read_all_para Set_time_out 
  Check_n_set_refil_relay Display_counter_val Read_counter_val 
  Update_counter_val Write_counter_val Set_flush_timeout Set_half_opt 
  Set_brew_mode Previous_state Sense_kbd 
SECTION: ".init"
  _Startup 
SECTION: ".rodata1"
  STRING.H.F.CUP.1 STRING.OPT3....2 STRING.ON......3 STRING.OFF.....4 
  STRING.READY............5 STRING.HALF.CUP.........1 STRING.FULL.CUP.........2 
  STRING.HALF.CUP.........3 STRING.FULL.CUP.........4 
SECTION: "MY_ZEROPAGE"
  Restart_cntr.1 Restart_cntr.2 sStatus Secs Pre_brew_time Kbd_pos 
  Repeat_key_cntr Parameter Dbnc_key_code Parameter_val Ascii_unit Ascii_ten 
  Ascii_hun Premix_timeout Water_timeout Water1_timeout Water2_timeout 
  Water3_timeout Rly_on_dly_tout Refil_timeout Flush_timeout Delay_time 
  Brew_time Counter_val Counter Temp Tmp_cntr_iic Iic_counter Iic_buff Lcd_cntr 
  Lcd_pointer Key_scan_cntr Key_code Dbnc_cntr i Ticks Small_ticks Test_pattern 
  Temp_water_timeout Temp_premix_timeout 
SECTION: ".abs_section_0"
  sPTA _PTA 
SECTION: ".abs_section_1"
  sPTB _PTB 
SECTION: ".abs_section_3"
  sPTD _PTD 
SECTION: ".abs_section_4"
  _DDRA 
SECTION: ".abs_section_5"
  _DDRB 
SECTION: ".abs_section_7"
  _DDRD 
SECTION: ".abs_section_8"
  _PTE 
SECTION: ".abs_section_a"
  _PDCR 
SECTION: ".abs_section_c"
  _DDRE 
SECTION: ".abs_section_d"
  _PTAPUE 
SECTION: ".abs_section_e"
  _PTA7PUE 
SECTION: ".abs_section_13"
  _SCC1 
SECTION: ".abs_section_14"
  _SCC2 
SECTION: ".abs_section_15"
  _SCC3 
SECTION: ".abs_section_16"
  _SCS1 
SECTION: ".abs_section_17"
  _SCS2 
SECTION: ".abs_section_18"
  _SCDR 
SECTION: ".abs_section_19"
  _SCBR 
SECTION: ".abs_section_1a"
  _KBSCR 
SECTION: ".abs_section_1b"
  _KBIER 
SECTION: ".abs_section_1d"
  _INTSCR 
SECTION: ".abs_section_1e"
  _CONFIG2 
SECTION: ".abs_section_1f"
  _CONFIG1 
SECTION: ".abs_section_20"
  sTsc _T1SC 
SECTION: ".abs_section_25"
  _T1SC0 
SECTION: ".abs_section_28"
  _T1SC1 
SECTION: ".abs_section_30"
  _T2SC 
SECTION: ".abs_section_35"
  _T2SC0 
SECTION: ".abs_section_38"
  _T2SC1 
SECTION: ".abs_section_3c"
  _ADCSC 
SECTION: ".abs_section_3f"
  _ADCLK 
SECTION: ".abs_section_40"
  _MIMCR 
SECTION: ".abs_section_41"
  _MMADR 
SECTION: ".abs_section_42"
  _MMCR 
SECTION: ".abs_section_43"
  _MMSR 
SECTION: ".abs_section_44"
  _MMDTR 
SECTION: ".abs_section_45"
  _MMDRR 
SECTION: ".abs_section_fe00"
  _BSR 
SECTION: ".abs_section_fe01"
  _RSR 
SECTION: ".abs_section_fe03"
  _BFCR 
SECTION: ".abs_section_fe04"
  _INT1 
SECTION: ".abs_section_fe05"
  _INT2 
SECTION: ".abs_section_fe06"
  _INT3 
SECTION: ".abs_section_fe08"
  _FLCR 
SECTION: ".abs_section_fe0e"
  _BRKSCR 
SECTION: ".abs_section_ffff"
  _COPCTL 
SECTION: ".abs_section_21"
  _T1CNT 
SECTION: ".abs_section_23"
  _T1MOD 
SECTION: ".abs_section_26"
  _T1CH0 
SECTION: ".abs_section_29"
  _T1CH1 
SECTION: ".abs_section_31"
  _T2CNT 
SECTION: ".abs_section_33"
  _T2MOD 
SECTION: ".abs_section_36"
  _T2CH0 
SECTION: ".abs_section_39"
  _T2CH1 
SECTION: ".abs_section_3d"
  _ADR 
SECTION: ".abs_section_fe0c"
  _BRK 
SECTION: "ROM"
  Msg_para Option_cntr lcd_table lcd_initable Memory_msg Setting_msg 
  Counter_msg Serving_opt1_msg Serving_opt2_msg Serving_opt3_msg 
  Serving_opt4_msg Flush_msg Flushing_msg Mfr_message Scan_table Kbd_table 

*********************************************************************************************
OBJECT LIST SORTED BY ADDRESS
     Name                                      Addr   hSize   dSize     Ref    Section   RLIB
---------------------------------------------------------------------------------------------
     sPTA                                         0       1       1      20   .abs_section_0
     _PTA                                         0       1       1       0   .abs_section_0
     sPTB                                         1       1       1      31   .abs_section_1
     _PTB                                         1       1       1       0   .abs_section_1
     sPTD                                         3       1       1       7   .abs_section_3
     _PTD                                         3       1       1       0   .abs_section_3
     _DDRA                                        4       1       1       0   .abs_section_4
     _DDRB                                        5       1       1       0   .abs_section_5
     _DDRD                                        7       1       1       0   .abs_section_7
     _PTE                                         8       1       1       0   .abs_section_8
     _PDCR                                        A       1       1       0   .abs_section_a
     _DDRE                                        C       1       1       0   .abs_section_c
     _PTAPUE                                      D       1       1       0   .abs_section_d
     _PTA7PUE                                     E       1       1       0   .abs_section_e
     _SCC1                                       13       1       1       0   .abs_section_13
     _SCC2                                       14       1       1       0   .abs_section_14
     _SCC3                                       15       1       1       0   .abs_section_15
     _SCS1                                       16       1       1       0   .abs_section_16
     _SCS2                                       17       1       1       0   .abs_section_17
     _SCDR                                       18       1       1       0   .abs_section_18
     _SCBR                                       19       1       1       0   .abs_section_19
     _KBSCR                                      1A       1       1       0   .abs_section_1a
     _KBIER                                      1B       1       1       0   .abs_section_1b
     _INTSCR                                     1D       1       1       0   .abs_section_1d
     _CONFIG2                                    1E       1       1       0   .abs_section_1e
     _CONFIG1                                    1F       1       1       0   .abs_section_1f
     sTsc                                        20       1       1       1   .abs_section_20
     _T1SC                                       20       1       1       0   .abs_section_20
     _T1CNT                                      21       2       2       0   .abs_section_21
     _T1MOD                                      23       2       2       0   .abs_section_23
     _T1SC0                                      25       1       1       0   .abs_section_25
     _T1CH0                                      26       2       2       0   .abs_section_26
     _T1SC1                                      28       1       1       0   .abs_section_28
     _T1CH1                                      29       2       2       0   .abs_section_29
     _T2SC                                       30       1       1       0   .abs_section_30
     _T2CNT                                      31       2       2       0   .abs_section_31
     _T2MOD                                      33       2       2       0   .abs_section_33
     _T2SC0                                      35       1       1       0   .abs_section_35
     _T2CH0                                      36       2       2       0   .abs_section_36
     _T2SC1                                      38       1       1       0   .abs_section_38
     _T2CH1                                      39       2       2       0   .abs_section_39
     _ADCSC                                      3C       1       1       0   .abs_section_3c
     _ADR                                        3D       2       2       0   .abs_section_3d
     _ADCLK                                      3F       1       1       0   .abs_section_3f
     _MIMCR                                      40       1       1       0   .abs_section_40
     _MMADR                                      41       1       1       0   .abs_section_41
     _MMCR                                       42       1       1       0   .abs_section_42
     _MMSR                                       43       1       1       0   .abs_section_43
     _MMDTR                                      44       1       1       0   .abs_section_44
     _MMDRR                                      45       1       1       0   .abs_section_45
     Restart_cntr.1                              60       1       1       4   MY_ZEROPAGE 
     Restart_cntr.2                              61       1       1       4   MY_ZEROPAGE 
     sStatus                                     62       2       2      85   MY_ZEROPAGE 
     Secs                                        64       1       1       4   MY_ZEROPAGE 
     Pre_brew_time                               65       1       1       3   MY_ZEROPAGE 
     Kbd_pos                                     66       1       1      11   MY_ZEROPAGE 
     Repeat_key_cntr                             67       1       1       3   MY_ZEROPAGE 
     Parameter                                   68       1       1      20   MY_ZEROPAGE 
     Dbnc_key_code                               69       1       1       3   MY_ZEROPAGE 
     Parameter_val                               6A      10      16      63   MY_ZEROPAGE 
     Ascii_unit                                  7A       1       1       2   MY_ZEROPAGE 
     Ascii_ten                                   7B       1       1       2   MY_ZEROPAGE 
     Ascii_hun                                   7C       1       1       2   MY_ZEROPAGE 
     Premix_timeout                              7D       1       1       7   MY_ZEROPAGE 
     Water_timeout                               7E       1       1       8   MY_ZEROPAGE 
     Water1_timeout                              7F       1       1       7   MY_ZEROPAGE 
     Water2_timeout                              80       1       1       7   MY_ZEROPAGE 
     Water3_timeout                              81       1       1       7   MY_ZEROPAGE 
     Rly_on_dly_tout                             82       1       1       3   MY_ZEROPAGE 
     Refil_timeout                               83       1       1       6   MY_ZEROPAGE 
     Flush_timeout                               84       1       1       3   MY_ZEROPAGE 
     Delay_time                                  85       1       1       8   MY_ZEROPAGE 
     Brew_time                                   86       1       1       2   MY_ZEROPAGE 
     Counter_val                                 87       4       4      13   MY_ZEROPAGE 
     Counter                                     8B       1       1      22   MY_ZEROPAGE 
     Temp                                        8C       1       1       1   MY_ZEROPAGE 
     Tmp_cntr_iic                                8D       1       1       6   MY_ZEROPAGE 
     Iic_counter                                 8E       1       1       4   MY_ZEROPAGE 
     Iic_buff                                    8F       4       4      13   MY_ZEROPAGE 
     Lcd_cntr                                    93       1       1       6   MY_ZEROPAGE 
     Lcd_pointer                                 94       1       1       7   MY_ZEROPAGE 
     Key_scan_cntr                               95       1       1       5   MY_ZEROPAGE 
     Key_code                                    96       1       1       3   MY_ZEROPAGE 
     Dbnc_cntr                                   97       1       1       2   MY_ZEROPAGE 
     i                                           98       1       1       7   MY_ZEROPAGE 
     Ticks                                       99       1       1       4   MY_ZEROPAGE 
     Small_ticks                                 9A       1       1       3   MY_ZEROPAGE 
     Test_pattern                                9B       2       2       2   MY_ZEROPAGE 
     Temp_water_timeout                          9D       1       1       3   MY_ZEROPAGE 
     Temp_premix_timeout                         9E       1       1       3   MY_ZEROPAGE 
     _Startup                                  BC00       7       7       0   .init       
     _IDIVMOD                                  BC15      69     105       1   .text       
     _SPLITSIGN                                BC7E      1C      28       1   .text       
     _IDIVS                                    BC9A      1E      30       1   .text       
     _Jump_Table_Header_Offset                 BCB8      24      36       6   .text       
     Init_timer                                BCDC       A      10       1   .text       
     _Timint                                   BCE6      11      17       0   .text       
     _Dummy                                    BCF7       1       1       0   .text       
     Setime                                    BCF8      2E      46       1   .text       
     Chk_dec_timeout                           BD26      10      16       2   .text       
     Disp_parameter                            BD36      1F      31       2   .text       
     Disp_option                               BD55      1B      27       2   .text       
     Bin2ascii                                 BD70      24      36       1   .text       
     Disp_para_val                             BD94      5E      94       5   .text       
     Disp_cup_status                           BDF2       E      14       3   .text       
     Pulse_scl                                 BE00      1C      28       3   .text       
     Delay_small                               BE1C       F      15       8   .text       
     Gen_start                                 BE2B      11      17       4   .text       
     Gen_stop                                  BE3C       D      13       5   .text       
     Tx_eight_bits                             BE49      1B      27       1   .text       
     Byte_iic                                  BE64       B      11       5   .text       
     Write_iic_byte                            BE6F      34      52       3   .text       
     Read_iic_byte                             BEA3      4C      76       3   .text       
     Chk_eeprom                                BEEF      12      18       1   .text       
     Pulse_E                                   BF01       B      11       3   .text       
     Write_lcd_comm                            BF0C      1D      29       6   .text       
     Write_lcd_data                            BF29      1D      29       8   .text       
     Initlcd                                   BF46      3B      59       2   .text       
     Write_line                                BF81      3E      62      21   .text       
     Write_string                              BFBF      2D      45       1   .text       
     Delay_ticks                               BFEC      1B      27       2   .text       
     main                                      C007     14D     333       4   .text       
     Act_key1                                  C154      3F      63       1   .text       
     Act_key2                                  C193      91     145       1   .text       
     Act_key3                                  C224      7F     127       1   .text       
     Act_key4                                  C2A3      78     120       1   .text       
     Chk4poweron_key                           C31B      40      64       1   .text       
     Initports                                 C35B      11      17       1   .text       
     Switch_on_relay                           C36C      7F     127       3   .text       
     Switch_off_relay                          C3EB      61      97       6   .text       
     Read_all_para                             C44C      15      21       1   .text       
     Set_time_out                              C461      8D     141       5   .text       
     Check_n_set_refil_relay                   C4EE      1F      31       1   .text       
     Display_counter_val                       C50D      2C      44       2   .text       
     Read_counter_val                          C539      2E      46       3   .text       
     Update_counter_val                        C567      41      65       4   .text       
     Write_counter_val                         C5A8      1B      27       1   .text       
     Set_flush_timeout                         C5C3       8       8       1   .text       
     Set_half_opt                              C5CB       B      11       2   .text       
     Set_brew_mode                             C5D6       B      11       2   .text       
     Previous_state                            C5E1      B3     179       1   .text       
     Sense_kbd                                 C694      86     134       2   .text       
     STRING.H.F.CUP.1                          C71A       8       8       2   .rodata1    
     STRING.OPT3....2                          C722       8       8       2   .rodata1    
     STRING.ON......3                          C72A       8       8       2   .rodata1    
     STRING.OFF.....4                          C732       8       8       2   .rodata1    
     STRING.READY............5                 C73A      11      17       2   .rodata1    
     STRING.HALF.CUP.........1                 C74B      11      17       2   .rodata1    
     STRING.FULL.CUP.........2                 C75C      11      17       2   .rodata1    
     STRING.HALF.CUP.........3                 C76D      11      17       2   .rodata1    
     STRING.FULL.CUP.........4                 C77E      11      17       2   .rodata1    
     Msg_para                                  C78F     100     256       2   ROM         
     Option_cntr                               C88F      40      64       2   ROM         
     lcd_table                                 C8CF       5       5       1   ROM         
     lcd_initable                              C8D4       4       4       1   ROM         
     Memory_msg                                C8D8      11      17       4   ROM         
     Setting_msg                               C8E9      11      17       2   ROM         
     Counter_msg                               C8FA      11      17       4   ROM         
     Serving_opt1_msg                          C90B      11      17       4   ROM         
     Serving_opt2_msg                          C91C      11      17       4   ROM         
     Serving_opt3_msg                          C92D      11      17       4   ROM         
     Serving_opt4_msg                          C93E      11      17       4   ROM         
     Flush_msg                                 C94F      11      17       4   ROM         
     Flushing_msg                              C960      11      17       4   ROM         
     Mfr_message                               C971      11      17       2   ROM         
     Scan_table                                C982       4       4       2   ROM         
     Kbd_table                                 C986       4       4       1   ROM         
     _BSR                                      FE00       1       1       0   .abs_section_fe00
     _RSR                                      FE01       1       1       0   .abs_section_fe01
     _BFCR                                     FE03       1       1       0   .abs_section_fe03
     _INT1                                     FE04       1       1       0   .abs_section_fe04
     _INT2                                     FE05       1       1       0   .abs_section_fe05
     _INT3                                     FE06       1       1       0   .abs_section_fe06
     _FLCR                                     FE08       1       1       0   .abs_section_fe08
     _BRK                                      FE0C       2       2       0   .abs_section_fe0c
     _BRKSCR                                   FE0E       1       1       0   .abs_section_fe0e
     _COPCTL                                   FFFF       1       1       0   .abs_section_ffff

*********************************************************************************************
UNUSED-OBJECTS SECTION
---------------------------------------------------------------------------------------------
NOT USED PROCEDURES
RTSHC08.C.o (ansii.lib):
  _PUSH_ARGS_L _PUSH_ARGS_D _ENTER_UNARY_L _ENTER_UNARY_L64 _ENTER_UNARY_L64_4 
  _ENTER_BINARY_L _ENTER_BINARY_L_RC _ENTER_BINARY_L_LC _ENTER_BINARY_L64 
  _ENTER_BINARY_L64_LC _ENTER_BINARY_L64_RC _LADD_k_is_k_plus_j 
  _k_is_k_plus_j_l _k_is_k_plus_j_i _LSUB_k_is_k_minus_j _LAND_k_is_k_and_j 
  _LOR_k_is_k_or_j _LXOR_k_is_k_xor_j _LMUL_k_is_k_mul_j _LDIVMOD _NEG_L_HX 
  _ABS_L_HX _SPLITSIGN_L _LMODU_k_is_k_mod_j _LDIVU_k_is_k_div_j 
  _LMODS_k_is_k_mod_j _LDIVS_k_is_k_div_j _LCMP_k_rel_j _BMULS _BDIVS _BMODS 
  _IMUL _IDIVU _IMODS _IMODU _IDIVU_8 _IMODU_8 _IASR _ILSR _ILSL _ICMP _LINC 
  _LDEC _LNEG _LNOT _LADD _LADD_RC _LSUB _LSUB_LC _LSUB_RC _LAND _LAND_RC _LOR 
  _LOR_RC _LXOR _LXOR_RC _LMUL _LMUL_RC _LDIVS _LDIVS_LC _LDIVS_RC _LDIVU 
  _LDIVU_LC _LDIVU_RC _LMODS _LMODS_LC _LMODS_RC _LMODU _LMODU_LC _LMODU_RC 
  _LASR _LLSR _LLSL _LCMP _LCMP_RC _COPY _COPY_L _POP32 _POP64 _STORE32 
  _STORE64 _SEXT8_32 _SEXT16_32 _CALL _Jump_Table_Addr _Jump_Table_Offset 
  _Jump_Table_Header_Addr _Search_Table_16_Addr _Search_Table_16_Offset 
  _Search_Table_8_Addr _Search_Table_8_Offset _PUSH_CC _POP_CC 
Start08.c.o:
  loadByte Init 
NOT USED VARIABLES
RTSHC08.C.o (ansii.lib):
  _PowOfTwo_8 _PowOfTwo_16 _PowOfTwo_32 errno 
main.c.o:
  Max_iic_bytes 

*********************************************************************************************
COPYDOWN SECTION
---------------------------------------------------------------------------------------------
------- ROM-ADDRESS: 0xC98A ---- SIZE       2 ---
Filling bytes inserted
 0000

*********************************************************************************************
OBJECT-DEPENDENCIES SECTION
---------------------------------------------------------------------------------------------
_Startup                  USES __SEG_END_SSTACK main 
_SPLITSIGN                USES _IDIVMOD 
_IDIVS                    USES _SPLITSIGN 
_Timint                   USES sTsc Small_ticks sStatus 
Setime                    USES Ticks sStatus Secs 
Disp_parameter            USES Parameter Msg_para Write_line 
Disp_option               USES Counter Option_cntr Write_line 
Bin2ascii                 USES Ascii_hun Ascii_ten Ascii_unit 
Disp_para_val             USES Write_lcd_comm Parameter Parameter_val 
                                STRING.H.F.CUP.1 STRING.OPT3....2 STRING.ON......3 
                                STRING.OFF.....4 Write_string Bin2ascii Ascii_hun 
                                Write_lcd_data Ascii_ten Ascii_unit 
Disp_cup_status           USES Initlcd STRING.READY............5 Write_line 
Pulse_scl                 USES Delay_small sPTB 
Gen_start                 USES sPTB Delay_small 
Gen_stop                  USES sPTB Delay_small 
Tx_eight_bits             USES Tmp_cntr_iic sPTB Pulse_scl 
Byte_iic                  USES Tx_eight_bits Pulse_scl Temp sPTB 
Write_iic_byte            USES Iic_buff Restart_cntr.1 sStatus Gen_stop 
                                Gen_start Iic_counter Byte_iic 
Read_iic_byte             USES Iic_buff Restart_cntr.2 sStatus Gen_stop 
                                Gen_start Byte_iic Tmp_cntr_iic Pulse_scl 
Chk_eeprom                USES sStatus Gen_start Byte_iic Gen_stop 
Pulse_E                   USES sPTB 
Write_lcd_comm            USES sPTB Pulse_E 
Write_lcd_data            USES sPTB Pulse_E 
Initlcd                   USES sPTB Lcd_cntr lcd_initable Pulse_E lcd_table 
                                Write_lcd_comm Delay_ticks 
Write_line                USES Write_lcd_comm Lcd_pointer Write_lcd_data 
Write_string              USES Write_lcd_comm Lcd_pointer Write_lcd_data 
Delay_ticks               USES sStatus 
main                      USES Initports Init_timer Initlcd Test_pattern 
                                Chk4poweron_key Chk_eeprom sStatus Memory_msg Write_line 
                                Mfr_message Delay_ticks Disp_cup_status Read_all_para 
                                Rly_on_dly_tout Parameter_val Flush_timeout Parameter 
                                Previous_state Setime Sense_kbd Kbd_pos 
                                _Jump_Table_Header_Offset Act_key1 Act_key2 Act_key3 Act_key4 main 
                                Switch_on_relay Delay_time Premix_timeout Switch_off_relay 
                                Water_timeout Water1_timeout Water2_timeout Water3_timeout 
                                Refil_timeout Counter Brew_time Temp_premix_timeout 
                                Temp_water_timeout Pre_brew_time Check_n_set_refil_relay 
                                Chk_dec_timeout Flush_msg 
Act_key1                  USES sStatus Parameter Parameter_val Disp_para_val 
                                Counter Update_counter_val Serving_opt1_msg Write_line 
                                Delay_time Set_time_out 
Act_key2                  USES sStatus Parameter Set_half_opt Set_brew_mode 
                                Parameter_val Disp_para_val Counter Read_counter_val 
                                Disp_option Display_counter_val Update_counter_val 
                                Serving_opt2_msg Write_line Set_time_out Delay_time Brew_time 
                                Temp_water_timeout _IDIVS Pre_brew_time Water_timeout 
Act_key3                  USES sStatus Parameter Set_half_opt Set_brew_mode 
                                Parameter_val Disp_para_val STRING.HALF.CUP.........1 
                                STRING.FULL.CUP.........2 Write_line Counter Update_counter_val 
                                Serving_opt3_msg Delay_time Set_time_out 
Act_key4                  USES sStatus Parameter Parameter_val Write_iic_byte 
                                Disp_parameter Read_iic_byte Disp_para_val Counter 
                                Flushing_msg Write_line Set_time_out Update_counter_val 
                                Serving_opt4_msg 
Chk4poweron_key           USES Kbd_pos Dbnc_key_code Sense_kbd sStatus 
                                Setting_msg Write_line Counter_msg 
Switch_on_relay           USES Delay_time Premix_timeout sPTA Counter 
                                _Jump_Table_Header_Offset Water_timeout sPTD Water1_timeout 
                                Water2_timeout Water3_timeout Refil_timeout sStatus 
Switch_off_relay          USES Counter Premix_timeout 
                                _Jump_Table_Header_Offset sPTA Water_timeout Water1_timeout 
                                Water2_timeout Water3_timeout sPTD Refil_timeout 
                                Set_flush_timeout 
Read_all_para             USES Read_iic_byte Parameter_val 
Set_time_out              USES sStatus Parameter_val Water1_timeout 
                                Water2_timeout Water3_timeout Counter Kbd_pos 
                                Temp_premix_timeout Premix_timeout Temp_water_timeout 
                                Water_timeout 
Check_n_set_refil_relay   USES Water_timeout Premix_timeout Water1_timeout 
                                Water2_timeout Water3_timeout sStatus Refil_timeout 
                                Parameter_val Switch_on_relay 
Display_counter_val       USES Write_lcd_comm Counter_val Write_lcd_data 
Read_counter_val          USES Read_iic_byte Counter_val Write_iic_byte 
                                Counter 
Update_counter_val        USES Read_counter_val Counter_val Write_counter_val 
Write_counter_val         USES Counter Counter_val Write_iic_byte 
Set_flush_timeout         USES Parameter_val Flush_timeout sStatus Secs 
Set_half_opt              USES Parameter_val 
Set_brew_mode             USES Parameter_val 
Previous_state            USES sStatus Memory_msg Write_line Disp_parameter 
                                Disp_para_val Counter Read_counter_val Disp_option 
                                Display_counter_val Counter_msg Flushing_msg Flush_msg 
                                _Jump_Table_Header_Offset Serving_opt1_msg Serving_opt2_msg 
                                Serving_opt3_msg Serving_opt4_msg Switch_on_relay Parameter_val 
                                STRING.HALF.CUP.........3 STRING.FULL.CUP.........4 Disp_cup_status 
Sense_kbd                 USES Key_scan_cntr Scan_table sPTB Key_code sPTA i 
                                Kbd_table Kbd_pos sStatus Repeat_key_cntr Dbnc_key_code 
                                Dbnc_cntr 

*********************************************************************************************
DEPENDENCY TREE
*********************************************************************************************
 main and _Startup Group
 | 
 +- main                
 |  | 
 |  +- Initports           
 |  |    
 |  +- Init_timer          
 |  |    
 |  +- Initlcd             
 |  |  | 
 |  |  +- Pulse_E             
 |  |  |    
 |  |  +- Write_lcd_comm      
 |  |  |  | 
 |  |  |  +- Pulse_E              (see above)
 |  |  |     
 |  |  +- Delay_ticks         
 |  |       
 |  +- Chk4poweron_key     
 |  |  | 
 |  |  +- Sense_kbd           
 |  |  |    
 |  |  +- Write_line          
 |  |     | 
 |  |     +- Write_lcd_comm       (see above)
 |  |     |  
 |  |     +- Write_lcd_data      
 |  |        | 
 |  |        +- Pulse_E              (see above)
 |  |           
 |  +- Chk_eeprom          
 |  |  | 
 |  |  +- Gen_start           
 |  |  |  | 
 |  |  |  +- Delay_small         
 |  |  |       
 |  |  +- Byte_iic            
 |  |  |  | 
 |  |  |  +- Tx_eight_bits       
 |  |  |  |  | 
 |  |  |  |  +- Pulse_scl           
 |  |  |  |     | 
 |  |  |  |     +- Delay_small          (see above)
 |  |  |  |        
 |  |  |  +- Pulse_scl            (see above)
 |  |  |     
 |  |  +- Gen_stop            
 |  |     | 
 |  |     +- Delay_small          (see above)
 |  |        
 |  +- Write_line           (see above)
 |  |  
 |  +- Delay_ticks          (see above)
 |  |  
 |  +- Disp_cup_status     
 |  |  | 
 |  |  +- Initlcd              (see above)
 |  |  |  
 |  |  +- Write_line           (see above)
 |  |     
 |  +- Read_all_para       
 |  |  | 
 |  |  +- Read_iic_byte       
 |  |     | 
 |  |     +- Gen_stop             (see above)
 |  |     |  
 |  |     +- Gen_start            (see above)
 |  |     |  
 |  |     +- Byte_iic             (see above)
 |  |     |  
 |  |     +- Pulse_scl            (see above)
 |  |        
 |  +- Previous_state      
 |  |  | 
 |  |  +- Write_line           (see above)
 |  |  |  
 |  |  +- Disp_parameter      
 |  |  |  | 
 |  |  |  +- Write_line           (see above)
 |  |  |     
 |  |  +- Disp_para_val       
 |  |  |  | 
 |  |  |  +- Write_lcd_comm       (see above)
 |  |  |  |  
 |  |  |  +- Write_string        
 |  |  |  |  | 
 |  |  |  |  +- Write_lcd_comm       (see above)
 |  |  |  |  |  
 |  |  |  |  +- Write_lcd_data       (see above)
 |  |  |  |     
 |  |  |  +- Bin2ascii           
 |  |  |  |    
 |  |  |  +- Write_lcd_data       (see above)
 |  |  |     
 |  |  +- Read_counter_val    
 |  |  |  | 
 |  |  |  +- Read_iic_byte        (see above)
 |  |  |  |  
 |  |  |  +- Write_iic_byte      
 |  |  |     | 
 |  |  |     +- Gen_stop             (see above)
 |  |  |     |  
 |  |  |     +- Gen_start            (see above)
 |  |  |     |  
 |  |  |     +- Byte_iic             (see above)
 |  |  |        
 |  |  +- Disp_option         
 |  |  |  | 
 |  |  |  +- Write_line           (see above)
 |  |  |     
 |  |  +- Display_counter_val 
 |  |  |  | 
 |  |  |  +- Write_lcd_comm       (see above)
 |  |  |  |  
 |  |  |  +- Write_lcd_data       (see above)
 |  |  |     
 |  |  +- _Jump_Table_Header_Offset
 |  |  |    
 |  |  +- Switch_on_relay     
 |  |  |  | 
 |  |  |  +- _Jump_Table_Header_Offset (see above)
 |  |  |     
 |  |  +- Disp_cup_status      (see above)
 |  |     
 |  +- Setime              
 |  |    
 |  +- Sense_kbd            (see above)
 |  |  
 |  +- _Jump_Table_Header_Offset (see above)
 |  |  
 |  +- Act_key1            
 |  |  | 
 |  |  +- Disp_para_val        (see above)
 |  |  |  
 |  |  +- Update_counter_val  
 |  |  |  | 
 |  |  |  +- Read_counter_val     (see above)
 |  |  |  |  
 |  |  |  +- Write_counter_val   
 |  |  |     | 
 |  |  |     +- Write_iic_byte       (see above)
 |  |  |        
 |  |  +- Write_line           (see above)
 |  |  |  
 |  |  +- Set_time_out        
 |  |       
 |  +- Act_key2            
 |  |  | 
 |  |  +- Set_half_opt        
 |  |  |    
 |  |  +- Set_brew_mode       
 |  |  |    
 |  |  +- Disp_para_val        (see above)
 |  |  |  
 |  |  +- Read_counter_val     (see above)
 |  |  |  
 |  |  +- Disp_option          (see above)
 |  |  |  
 |  |  +- Display_counter_val  (see above)
 |  |  |  
 |  |  +- Update_counter_val   (see above)
 |  |  |  
 |  |  +- Write_line           (see above)
 |  |  |  
 |  |  +- Set_time_out         (see above)
 |  |  |  
 |  |  +- _IDIVS              
 |  |     | 
 |  |     +- _SPLITSIGN          
 |  |        | 
 |  |        +- _IDIVMOD            
 |  |             
 |  +- Act_key3            
 |  |  | 
 |  |  +- Set_half_opt         (see above)
 |  |  |  
 |  |  +- Set_brew_mode        (see above)
 |  |  |  
 |  |  +- Disp_para_val        (see above)
 |  |  |  
 |  |  +- Write_line           (see above)
 |  |  |  
 |  |  +- Update_counter_val   (see above)
 |  |  |  
 |  |  +- Set_time_out         (see above)
 |  |     
 |  +- Act_key4            
 |  |  | 
 |  |  +- Write_iic_byte       (see above)
 |  |  |  
 |  |  +- Disp_parameter       (see above)
 |  |  |  
 |  |  +- Read_iic_byte        (see above)
 |  |  |  
 |  |  +- Disp_para_val        (see above)
 |  |  |  
 |  |  +- Write_line           (see above)
 |  |  |  
 |  |  +- Set_time_out         (see above)
 |  |  |  
 |  |  +- Update_counter_val   (see above)
 |  |     
 |  +- Switch_on_relay      (see above)
 |  |  
 |  +- Switch_off_relay    
 |  |  | 
 |  |  +- _Jump_Table_Header_Offset (see above)
 |  |  |  
 |  |  +- Set_flush_timeout   
 |  |       
 |  +- Check_n_set_refil_relay
 |  |  | 
 |  |  +- Switch_on_relay      (see above)
 |  |     
 |  +- Chk_dec_timeout     
 |       
 +- _Startup            
    | 
    +- main                 (see above)
       
 _Timint             
   
*********************************************************************************************
STATISTIC SECTION
---------------------------------------------------------------------------------------------

ExeFile:
--------
Number of blocks to be downloaded: 7
Total size of all blocks to be downloaded: 3502

